  Laba7.cpp
X:\GitHub\Prosto\Laba7\Laba7\Laba7.cpp(20,28): warning C4267: аргумент: преобразование из "size_t" в "_Ty"; возможна потеря данных
X:\GitHub\Prosto\Laba7\Laba7\Laba7.cpp(20,28): warning C4267:         with
X:\GitHub\Prosto\Laba7\Laba7\Laba7.cpp(20,28): warning C4267:         [
X:\GitHub\Prosto\Laba7\Laba7\Laba7.cpp(20,28): warning C4267:             _Ty=int
X:\GitHub\Prosto\Laba7\Laba7\Laba7.cpp(20,28): warning C4267:         ]
X:\GitHub\Prosto\Laba7\Laba7\Laba7.cpp(24,28): warning C4267: аргумент: преобразование из "size_t" в "_Ty"; возможна потеря данных
X:\GitHub\Prosto\Laba7\Laba7\Laba7.cpp(24,28): warning C4267:         with
X:\GitHub\Prosto\Laba7\Laba7\Laba7.cpp(24,28): warning C4267:         [
X:\GitHub\Prosto\Laba7\Laba7\Laba7.cpp(24,28): warning C4267:             _Ty=int
X:\GitHub\Prosto\Laba7\Laba7\Laba7.cpp(24,28): warning C4267:         ]
X:\GitHub\Prosto\Laba7\Laba7\Laba7.cpp(26,13): warning C4267: инициализация: преобразование из "size_t" в "int"; возможна потеря данных
X:\GitHub\Prosto\Laba7\Laba7\Laba7.cpp(34,28): warning C4267: аргумент: преобразование из "size_t" в "_Ty"; возможна потеря данных
X:\GitHub\Prosto\Laba7\Laba7\Laba7.cpp(34,28): warning C4267:         with
X:\GitHub\Prosto\Laba7\Laba7\Laba7.cpp(34,28): warning C4267:         [
X:\GitHub\Prosto\Laba7\Laba7\Laba7.cpp(34,28): warning C4267:             _Ty=int
X:\GitHub\Prosto\Laba7\Laba7\Laba7.cpp(34,28): warning C4267:         ]
X:\GitHub\Prosto\Laba7\Laba7\Laba7.cpp(38,28): warning C4267: аргумент: преобразование из "size_t" в "_Ty"; возможна потеря данных
X:\GitHub\Prosto\Laba7\Laba7\Laba7.cpp(38,28): warning C4267:         with
X:\GitHub\Prosto\Laba7\Laba7\Laba7.cpp(38,28): warning C4267:         [
X:\GitHub\Prosto\Laba7\Laba7\Laba7.cpp(38,28): warning C4267:             _Ty=int
X:\GitHub\Prosto\Laba7\Laba7\Laba7.cpp(38,28): warning C4267:         ]
  Laba7.vcxproj -> X:\GitHub\Prosto\Laba7\x64\Debug\Laba7.exe
